2026-08-12T20:39:55Z INF Thank you for trying Cloudflare Tunnel. Doing so, without a Cloudflare account, is a quick way to experiment and try it out. However, be aware that these account-less Tunnels have no uptime guarantee, are subject to the Cloudflare Online Services Terms of Use (https://www.cloudflare.com/website-terms/), and Cloudflare reserves the right to investigate your use of Tunnels for violations of such terms. If you intend to use Tunnels in production you should use a pre-created named tunnel by following: https://developers.cloudflare.com/cloudflare-one/connections/connect-apps
2026-08-12T20:39:55Z INF Requesting new quick Tunnel on trycloudflare.com...
2026-08-12T20:40:02Z INF +--------------------------------------------------------------------------------------------+
2026-08-12T20:40:02Z INF |  Your quick Tunnel has been created! Visit it at (it may take some time to be reachable):  |
2026-08-12T20:40:02Z INF |  https://papers-steering-generated-keith.trycloudflare.com                                 |
2026-08-12T20:40:02Z INF +--------------------------------------------------------------------------------------------+
2026-08-12T20:40:02Z INF Cannot determine default configuration path. No file [config.yml config.yaml] in [~/.cloudflared ~/.cloudflare-warp ~/cloudflare-warp]
2026-08-12T20:40:02Z INF Version 2026.7.3 (Checksum 8635da433b6df8194746e88ed9d2589566c20e38bfc2a80e431a348b7c765841)
2026-08-12T20:40:02Z INF GOOS: windows, GOVersion: go1.26.4, GoArch: amd64
2026-08-12T20:40:02Z INF Settings: map[ha-connections:1 protocol:quic url:http://localhost:8777]
2026-08-12T20:40:02Z INF cloudflared will not automatically update on Windows systems.
2026-08-12T20:40:02Z INF Generated Connector ID: c05884bf-49c4-44bb-a172-019a1f36088b
2026-08-12T20:40:02Z INF Initial protocol quic
2026-08-12T20:40:02Z INF ICMP proxy will use 192.168.25.210 as source for IPv4
2026-08-12T20:40:02Z INF ICMP proxy will use fe80::4d85:a032:5e61:15c2 in zone 이더넷 2 as source for IPv6
2026-08-12T20:40:02Z INF cloudflared does not support loading the system root certificate pool on Windows. Please use --origin-ca-pool <PATH> to specify the path to the certificate pool
2026-08-12T20:40:02Z INF ICMP proxy will use 192.168.25.210 as source for IPv4
2026-08-12T20:40:02Z INF Tunnel connection curve preferences: [X25519MLKEM768 CurveID(65074) CurveP256] connIndex=0 event=0 ip=198.41.192.77
2026-08-12T20:40:02Z INF ICMP proxy will use fe80::4d85:a032:5e61:15c2 in zone 이더넷 2 as source for IPv6
2026-08-12T20:40:02Z INF Starting metrics server on 127.0.0.1:20241/metrics
2026-08-12T20:40:02Z INF +-------------------------------------------------------------------------------------+
2026-08-12T20:40:02Z INF |                               CONNECTIVITY PRE-CHECKS                               |
2026-08-12T20:40:02Z INF +-------------------------------------------------------------------------------------+
2026-08-12T20:40:02Z INF |  COMPONENT         TARGET                     STATUS  DETAILS                       |
2026-08-12T20:40:02Z INF |  DNS Resolution    region1.v2.argotunnel.com  PASS    DNS Resolved successfully     |
2026-08-12T20:40:02Z INF |  DNS Resolution    region2.v2.argotunnel.com  PASS    DNS Resolved successfully     |
2026-08-12T20:40:02Z INF |  UDP Connectivity  region1.v2.argotunnel.com  PASS    QUIC connection successful    |
2026-08-12T20:40:02Z INF |  UDP Connectivity  region2.v2.argotunnel.com  PASS    QUIC connection successful    |
2026-08-12T20:40:02Z INF |  TCP Connectivity  region1.v2.argotunnel.com  PASS    HTTP/2 connection successful  |
2026-08-12T20:40:02Z INF |  TCP Connectivity  region2.v2.argotunnel.com  PASS    HTTP/2 connection successful  |
2026-08-12T20:40:02Z INF |  Cloudflare API    api.cloudflare.com:443     PASS    API is reachable              |
2026-08-12T20:40:02Z INF |                                                                                     |
2026-08-12T20:40:02Z INF |  SUMMARY: Environment is healthy. cloudflared will use 'quic' as primary protocol.  |
2026-08-12T20:40:02Z INF +-------------------------------------------------------------------------------------+
2026-08-12T20:40:02Z INF precheck component="DNS Resolution" details="DNS Resolved successfully" run_id=0288c83c-a713-423d-9a18-0e2424a0b5af status=pass target=region1.v2.argotunnel.com
2026-08-12T20:40:02Z INF precheck component="DNS Resolution" details="DNS Resolved successfully" run_id=0288c83c-a713-423d-9a18-0e2424a0b5af status=pass target=region2.v2.argotunnel.com
2026-08-12T20:40:02Z INF precheck component="UDP Connectivity" details="QUIC connection successful" run_id=0288c83c-a713-423d-9a18-0e2424a0b5af status=pass target=region1.v2.argotunnel.com
2026-08-12T20:40:02Z INF precheck component="UDP Connectivity" details="QUIC connection successful" run_id=0288c83c-a713-423d-9a18-0e2424a0b5af status=pass target=region2.v2.argotunnel.com
2026-08-12T20:40:02Z INF precheck component="TCP Connectivity" details="HTTP/2 connection successful" run_id=0288c83c-a713-423d-9a18-0e2424a0b5af status=pass target=region1.v2.argotunnel.com
2026-08-12T20:40:02Z INF precheck component="TCP Connectivity" details="HTTP/2 connection successful" run_id=0288c83c-a713-423d-9a18-0e2424a0b5af status=pass target=region2.v2.argotunnel.com
2026-08-12T20:40:02Z INF precheck component="Cloudflare API" details="API is reachable" run_id=0288c83c-a713-423d-9a18-0e2424a0b5af status=pass target=api.cloudflare.com:443
2026-08-12T20:40:02Z INF precheck complete hard_fail=false run_id=0288c83c-a713-423d-9a18-0e2424a0b5af suggested_protocol=quic
2026-08-12T20:40:03Z INF Registered tunnel connection connIndex=0 connection=dbd9962c-1fa3-478e-8a00-c30bb264c687 event=0 ip=198.41.192.77 location=icn06 protocol=quic
2026-08-12T22:15:05Z INF Initiating graceful shutdown due to signal terminated ...
2026-08-12T22:15:05Z ERR failed to run the datagram handler error="context canceled" connIndex=0 event=0 ip=198.41.192.77
2026-08-12T22:15:05Z ERR failed to serve tunnel connection error="accept stream listener encountered a failure while serving" connIndex=0 event=0 ip=198.41.192.77
2026-08-12T22:15:05Z ERR Serve tunnel error error="accept stream listener encountered a failure while serving" connIndex=0 event=0 ip=198.41.192.77
2026-08-12T22:15:05Z INF Retrying connection in up to 1s connIndex=0 event=0 ip=198.41.192.77
2026-08-12T22:15:05Z ERR Connection terminated connIndex=0
2026-08-12T22:15:05Z ERR no more connections active and exiting
2026-08-12T22:15:05Z INF Tunnel server stopped
2026-08-12T22:15:05Z INF Metrics server stopped
